==23994== Memcheck, a memory error detector
==23994== Copyright (C) 2002-2022, and GNU GPL'd, by Julian Seward et al.
==23994== Using Valgrind-3.22.0 and LibVEX; rerun with -h for copyright info
==23994== Command: ./ircserv 6677 pass
==23994== Parent PID: 23992
==23994== 
==23994== 
==23994== Process terminating with default action of signal 15 (SIGTERM)
==23994==    at 0x4C47CFB: recv (recv.c:28)
==23994==    by 0x10D681: Server::readBuffer(int) (Server.cpp:26)
==23994==    by 0x10E596: Server::run() (Server.cpp:150)
==23994==    by 0x10D15E: main (main.cpp:24)
==23994== 
==23994== HEAP SUMMARY:
==23994==     in use at exit: 114,482 bytes in 176 blocks
==23994==   total heap usage: 403,442 allocs, 403,266 frees, 35,900,241 bytes allocated
==23994== 
==23994== 15 bytes in 1 blocks are still reachable in loss record 1 of 30
==23994==    at 0x4846828: malloc (in /usr/libexec/valgrind/vgpreload_memcheck-amd64-linux.so)
==23994==    by 0x4BD045E: strdup (strdup.c:42)
==23994==    by 0x4BFC888: tzset_internal (tzset.c:402)
==23994==    by 0x4BFD28A: __tz_convert (tzset.c:577)
==23994==    by 0x11BAE6: serverCreationDate() (CommandUtils.cpp:17)
==23994==    by 0x11C5FD: sendWelcome(Client&) (CommandUtils.cpp:118)
==23994==    by 0x11C255: finishRegistrationAttempt(Client&) (CommandUtils.cpp:109)
==23994==    by 0x120628: USER::execute(Client&, IrcMessage const&) (USER.cpp:20)
==23994==    by 0x11843C: Dispatcher::dispatch(Client&, IrcMessage const&) (dispatch.cpp:88)
==23994==    by 0x10D8A3: Server::readBuffer(int) (Server.cpp:42)
==23994==    by 0x10E596: Server::run() (Server.cpp:150)
==23994==    by 0x10D15E: main (main.cpp:24)
==23994== 
==23994== 16 bytes in 1 blocks are still reachable in loss record 2 of 30
==23994==    at 0x4846FA3: operator new(unsigned long) (in /usr/libexec/valgrind/vgpreload_memcheck-amd64-linux.so)
==23994==    by 0x1157C1: std::__new_allocator<Client*>::allocate(unsigned long, void const*) (new_allocator.h:151)
==23994==    by 0x1150A6: allocate (alloc_traits.h:140)
==23994==    by 0x1150A6: std::_Vector_base<Client*, std::allocator<Client*> >::_M_allocate(unsigned long) (stl_vector.h:381)
==23994==    by 0x114CB3: std::vector<Client*, std::allocator<Client*> >::_M_realloc_insert(__gnu_cxx::__normal_iterator<Client**, std::vector<Client*, std::allocator<Client*> > >, Client* const&) (vector.tcc:459)
==23994==    by 0x1146B1: std::vector<Client*, std::allocator<Client*> >::push_back(Client* const&) (stl_vector.h:1292)
==23994==    by 0x113C66: Channel::addOperator(Client*) (Channel.cpp:124)
==23994==    by 0x126CC7: MODE::applyOneMode(Client&, Channel&, char, bool, IrcMessage const&, unsigned long&, std::__cxx11::basic_string<char, std::char_traits<char>, std::allocator<char> >&) (MODE.cpp:102)
==23994==    by 0x1272BB: MODE::applyModes(Client&, Channel&, IrcMessage const&) (MODE.cpp:159)
==23994==    by 0x127B84: MODE::execute(Client&, IrcMessage const&) (MODE.cpp:211)
==23994==    by 0x11843C: Dispatcher::dispatch(Client&, IrcMessage const&) (dispatch.cpp:88)
==23994==    by 0x10D8A3: Server::readBuffer(int) (Server.cpp:42)
==23994==    by 0x10E596: Server::run() (Server.cpp:150)
==23994== 
==23994== 20 bytes in 1 blocks are still reachable in loss record 3 of 30
==23994==    at 0x4846828: malloc (in /usr/libexec/valgrind/vgpreload_memcheck-amd64-linux.so)
==23994==    by 0x4BFBEF8: __tzstring_len (tzset.c:98)
==23994==    by 0x4BFDFDB: __tzfile_read (tzfile.c:413)
==23994==    by 0x4BFC89B: tzset_internal (tzset.c:405)
==23994==    by 0x4BFD28A: __tz_convert (tzset.c:577)
==23994==    by 0x11BAE6: serverCreationDate() (CommandUtils.cpp:17)
==23994==    by 0x11C5FD: sendWelcome(Client&) (CommandUtils.cpp:118)
==23994==    by 0x11C255: finishRegistrationAttempt(Client&) (CommandUtils.cpp:109)
==23994==    by 0x120628: USER::execute(Client&, IrcMessage const&) (USER.cpp:20)
==23994==    by 0x11843C: Dispatcher::dispatch(Client&, IrcMessage const&) (dispatch.cpp:88)
==23994==    by 0x10D8A3: Server::readBuffer(int) (Server.cpp:42)
==23994==    by 0x10E596: Server::run() (Server.cpp:150)
==23994== 
==23994== 24 bytes in 1 blocks are still reachable in loss record 4 of 30
==23994==    at 0x4846FA3: operator new(unsigned long) (in /usr/libexec/valgrind/vgpreload_memcheck-amd64-linux.so)
==23994==    by 0x111C4E: std::__new_allocator<std::_List_node<pollfd> >::allocate(unsigned long, void const*) (new_allocator.h:151)
==23994==    by 0x110C67: allocate (alloc_traits.h:140)
==23994==    by 0x110C67: std::__cxx11::_List_base<pollfd, std::allocator<pollfd> >::_M_get_node() (stl_list.h:518)
==23994==    by 0x11027C: std::__cxx11::list<pollfd, std::allocator<pollfd> >::_M_create_node(pollfd const&) (stl_list.h:692)
==23994==    by 0x10FA74: std::__cxx11::list<pollfd, std::allocator<pollfd> >::_M_insert(std::_List_iterator<pollfd>, pollfd const&) (stl_list.h:1996)
==23994==    by 0x10F0DD: std::__cxx11::list<pollfd, std::allocator<pollfd> >::push_back(pollfd const&) (stl_list.h:1306)
==23994==    by 0x10E3FB: Server::run() (Server.cpp:138)
==23994==    by 0x10D15E: main (main.cpp:24)
==23994== 
==23994== 31 bytes in 1 blocks are still reachable in loss record 5 of 30
==23994==    at 0x4846FA3: operator new(unsigned long) (in /usr/libexec/valgrind/vgpreload_memcheck-amd64-linux.so)
==23994==    by 0x49D863F: std::__cxx11::basic_string<char, std::char_traits<char>, std::allocator<char> >::_M_assign(std::__cxx11::basic_string<char, std::char_traits<char>, std::allocator<char> > const&) (in /usr/lib/x86_64-linux-gnu/libstdc++.so.6.0.33)
==23994==    by 0x49D8B24: std::__cxx11::basic_string<char, std::char_traits<char>, std::allocator<char> >::operator=(std::__cxx11::basic_string<char, std::char_traits<char>, std::allocator<char> > const&) (in /usr/lib/x86_64-linux-gnu/libstdc++.so.6.0.33)
==23994==    by 0x112EBD: Client::setRecvBuffer(std::__cxx11::basic_string<char, std::char_traits<char>, std::allocator<char> >) (Client.cpp:102)
==23994==    by 0x10D9B7: Server::readBuffer(int) (Server.cpp:49)
==23994==    by 0x10E596: Server::run() (Server.cpp:150)
==23994==    by 0x10D15E: main (main.cpp:24)
==23994== 
==23994== 31 bytes in 1 blocks are still reachable in loss record 6 of 30
==23994==    at 0x4846FA3: operator new(unsigned long) (in /usr/libexec/valgrind/vgpreload_memcheck-amd64-linux.so)
==23994==    by 0x49D870E: std::__cxx11::basic_string<char, std::char_traits<char>, std::allocator<char> >::_M_mutate(unsigned long, unsigned long, char const*, unsigned long) (in /usr/lib/x86_64-linux-gnu/libstdc++.so.6.0.33)
==23994==    by 0x49DA04F: std::__cxx11::basic_string<char, std::char_traits<char>, std::allocator<char> >::_M_append(char const*, unsigned long) (in /usr/lib/x86_64-linux-gnu/libstdc++.so.6.0.33)
==23994==    by 0x112E17: Client::queueMessage(std::__cxx11::basic_string<char, std::char_traits<char>, std::allocator<char> > const&) (Client.cpp:91)
==23994==    by 0x12865E: PING::execute(Client&, IrcMessage const&) (PING.cpp:16)
==23994==    by 0x11843C: Dispatcher::dispatch(Client&, IrcMessage const&) (dispatch.cpp:88)
==23994==    by 0x10D8A3: Server::readBuffer(int) (Server.cpp:42)
==23994==    by 0x10E596: Server::run() (Server.cpp:150)
==23994==    by 0x10D15E: main (main.cpp:24)
==23994== 
==23994== 33 bytes in 1 blocks are still reachable in loss record 7 of 30
==23994==    at 0x4846FA3: operator new(unsigned long) (in /usr/libexec/valgrind/vgpreload_memcheck-amd64-linux.so)
==23994==    by 0x49D870E: std::__cxx11::basic_string<char, std::char_traits<char>, std::allocator<char> >::_M_mutate(unsigned long, unsigned long, char const*, unsigned long) (in /usr/lib/x86_64-linux-gnu/libstdc++.so.6.0.33)
==23994==    by 0x49D982A: std::__cxx11::basic_string<char, std::char_traits<char>, std::allocator<char> >::_M_replace(unsigned long, unsigned long, char const*, unsigned long) (in /usr/lib/x86_64-linux-gnu/libstdc++.so.6.0.33)
==23994==    by 0x11BB3B: serverCreationDate() (CommandUtils.cpp:20)
==23994==    by 0x11C5FD: sendWelcome(Client&) (CommandUtils.cpp:118)
==23994==    by 0x11C255: finishRegistrationAttempt(Client&) (CommandUtils.cpp:109)
==23994==    by 0x120628: USER::execute(Client&, IrcMessage const&) (USER.cpp:20)
==23994==    by 0x11843C: Dispatcher::dispatch(Client&, IrcMessage const&) (dispatch.cpp:88)
==23994==    by 0x10D8A3: Server::readBuffer(int) (Server.cpp:42)
==23994==    by 0x10E596: Server::run() (Server.cpp:150)
==23994==    by 0x10D15E: main (main.cpp:24)
==23994== 
==23994== 61 bytes in 3 blocks are still reachable in loss record 8 of 30
==23994==    at 0x4846828: malloc (in /usr/libexec/valgrind/vgpreload_memcheck-amd64-linux.so)
==23994==    by 0x4BFBE94: __tzstring_len (tzset.c:98)
==23994==    by 0x4BFDFDB: __tzfile_read (tzfile.c:413)
==23994==    by 0x4BFC89B: tzset_internal (tzset.c:405)
==23994==    by 0x4BFD28A: __tz_convert (tzset.c:577)
==23994==    by 0x11BAE6: serverCreationDate() (CommandUtils.cpp:17)
==23994==    by 0x11C5FD: sendWelcome(Client&) (CommandUtils.cpp:118)
==23994==    by 0x11C255: finishRegistrationAttempt(Client&) (CommandUtils.cpp:109)
==23994==    by 0x120628: USER::execute(Client&, IrcMessage const&) (USER.cpp:20)
==23994==    by 0x11843C: Dispatcher::dispatch(Client&, IrcMessage const&) (dispatch.cpp:88)
==23994==    by 0x10D8A3: Server::readBuffer(int) (Server.cpp:42)
==23994==    by 0x10E596: Server::run() (Server.cpp:150)
==23994== 
==23994== 104 bytes in 13 blocks are still reachable in loss record 9 of 30
==23994==    at 0x4846FA3: operator new(unsigned long) (in /usr/libexec/valgrind/vgpreload_memcheck-amd64-linux.so)
==23994==    by 0x1157C1: std::__new_allocator<Client*>::allocate(unsigned long, void const*) (new_allocator.h:151)
==23994==    by 0x1150A6: allocate (alloc_traits.h:140)
==23994==    by 0x1150A6: std::_Vector_base<Client*, std::allocator<Client*> >::_M_allocate(unsigned long) (stl_vector.h:381)
==23994==    by 0x114CB3: std::vector<Client*, std::allocator<Client*> >::_M_realloc_insert(__gnu_cxx::__normal_iterator<Client**, std::vector<Client*, std::allocator<Client*> > >, Client* const&) (vector.tcc:459)
==23994==    by 0x1146B1: std::vector<Client*, std::allocator<Client*> >::push_back(Client* const&) (stl_vector.h:1292)
==23994==    by 0x113C66: Channel::addOperator(Client*) (Channel.cpp:124)
==23994==    by 0x120FBD: JOIN::joinOne(Client&, std::__cxx11::basic_string<char, std::char_traits<char>, std::allocator<char> > const&, std::__cxx11::basic_string<char, std::char_traits<char>, std::allocator<char> > const&) (JOIN.cpp:74)
==23994==    by 0x1218C2: JOIN::execute(Client&, IrcMessage const&) (JOIN.cpp:121)
==23994==    by 0x11843C: Dispatcher::dispatch(Client&, IrcMessage const&) (dispatch.cpp:88)
==23994==    by 0x10D8A3: Server::readBuffer(int) (Server.cpp:42)
==23994==    by 0x10E596: Server::run() (Server.cpp:150)
==23994==    by 0x10D15E: main (main.cpp:24)
==23994== 
==23994== 160 bytes in 14 blocks are still reachable in loss record 10 of 30
==23994==    at 0x4846FA3: operator new(unsigned long) (in /usr/libexec/valgrind/vgpreload_memcheck-amd64-linux.so)
==23994==    by 0x1157C1: std::__new_allocator<Client*>::allocate(unsigned long, void const*) (new_allocator.h:151)
==23994==    by 0x1150A6: allocate (alloc_traits.h:140)
==23994==    by 0x1150A6: std::_Vector_base<Client*, std::allocator<Client*> >::_M_allocate(unsigned long) (stl_vector.h:381)
==23994==    by 0x114CB3: std::vector<Client*, std::allocator<Client*> >::_M_realloc_insert(__gnu_cxx::__normal_iterator<Client**, std::vector<Client*, std::allocator<Client*> > >, Client* const&) (vector.tcc:459)
==23994==    by 0x1146B1: std::vector<Client*, std::allocator<Client*> >::push_back(Client* const&) (stl_vector.h:1292)
==23994==    by 0x113B17: Channel::addClient(Client*) (Channel.cpp:96)
==23994==    by 0x120F82: JOIN::joinOne(Client&, std::__cxx11::basic_string<char, std::char_traits<char>, std::allocator<char> > const&, std::__cxx11::basic_string<char, std::char_traits<char>, std::allocator<char> > const&) (JOIN.cpp:71)
==23994==    by 0x1218C2: JOIN::execute(Client&, IrcMessage const&) (JOIN.cpp:121)
==23994==    by 0x11843C: Dispatcher::dispatch(Client&, IrcMessage const&) (dispatch.cpp:88)
==23994==    by 0x10D8A3: Server::readBuffer(int) (Server.cpp:42)
==23994==    by 0x10E596: Server::run() (Server.cpp:150)
==23994==    by 0x10D15E: main (main.cpp:24)
==23994== 
==23994== 264 bytes in 1 blocks are still reachable in loss record 11 of 30
==23994==    at 0x4846FA3: operator new(unsigned long) (in /usr/libexec/valgrind/vgpreload_memcheck-amd64-linux.so)
==23994==    by 0x11220D: std::__new_allocator<std::_Rb_tree_node<std::pair<int const, Client> > >::allocate(unsigned long, void const*) (new_allocator.h:151)
==23994==    by 0x111F29: allocate (alloc_traits.h:140)
==23994==    by 0x111F29: std::_Rb_tree<int, std::pair<int const, Client>, std::_Select1st<std::pair<int const, Client> >, std::less<int>, std::allocator<std::pair<int const, Client> > >::_M_get_node() (stl_tree.h:563)
==23994==    by 0x111E09: std::_Rb_tree<int, std::pair<int const, Client>, std::_Select1st<std::pair<int const, Client> >, std::less<int>, std::allocator<std::pair<int const, Client> > >::_M_create_node(std::pair<int const, Client> const&) (stl_tree.h:585)
==23994==    by 0x111BDB: std::_Rb_tree_node<std::pair<int const, Client> >* std::_Rb_tree<int, std::pair<int const, Client>, std::_Select1st<std::pair<int const, Client> >, std::less<int>, std::allocator<std::pair<int const, Client> > >::_Alloc_node::operator()<std::pair<int const, Client> >(std::pair<int const, Client> const&) const (stl_tree.h:531)
==23994==    by 0x11162E: std::_Rb_tree_iterator<std::pair<int const, Client> > std::_Rb_tree<int, std::pair<int const, Client>, std::_Select1st<std::pair<int const, Client> >, std::less<int>, std::allocator<std::pair<int const, Client> > >::_M_insert_<std::_Rb_tree<int, std::pair<int const, Client>, std::_Select1st<std::pair<int const, Client> >, std::less<int>, std::allocator<std::pair<int const, Client> > >::_Alloc_node>(std::_Rb_tree_node_base*, std::_Rb_tree_node_base*, std::pair<int const, Client> const&, std::_Rb_tree<int, std::pair<int const, Client>, std::_Select1st<std::pair<int const, Client> >, std::less<int>, std::allocator<std::pair<int const, Client> > >::_Alloc_node&) (stl_tree.h:1831)
==23994==    by 0x110BB3: std::_Rb_tree_iterator<std::pair<int const, Client> > std::_Rb_tree<int, std::pair<int const, Client>, std::_Select1st<std::pair<int const, Client> >, std::less<int>, std::allocator<std::pair<int const, Client> > >::_M_insert_unique_<std::_Rb_tree<int, std::pair<int const, Client>, std::_Select1st<std::pair<int const, Client> >, std::less<int>, std::allocator<std::pair<int const, Client> > >::_Alloc_node>(std::_Rb_tree_const_iterator<std::pair<int const, Client> >, std::pair<int const, Client> const&, std::_Rb_tree<int, std::pair<int const, Client>, std::_Select1st<std::pair<int const, Client> >, std::less<int>, std::allocator<std::pair<int const, Client> > >::_Alloc_node&) (stl_tree.h:2284)
==23994==    by 0x1101BB: std::_Rb_tree<int, std::pair<int const, Client>, std::_Select1st<std::pair<int const, Client> >, std::less<int>, std::allocator<std::pair<int const, Client> > >::_M_insert_unique_(std::_Rb_tree_const_iterator<std::pair<int const, Client> >, std::pair<int const, Client> const&) (stl_tree.h:1147)
==23994==    by 0x10F97F: std::map<int, Client, std::less<int>, std::allocator<std::pair<int const, Client> > >::insert(std::_Rb_tree_iterator<std::pair<int const, Client> >, std::pair<int const, Client> const&) (stl_map.h:914)
==23994==    by 0x10EF88: std::map<int, Client, std::less<int>, std::allocator<std::pair<int const, Client> > >::operator[](int const&) (stl_map.h:517)
==23994==    by 0x10DADA: Server::sendBuffer(int) (Server.cpp:56)
==23994==    by 0x10E652: Server::run() (Server.cpp:155)
==23994== 
==23994== 336 bytes in 1 blocks are still reachable in loss record 12 of 30
==23994==    at 0x4846FA3: operator new(unsigned long) (in /usr/libexec/valgrind/vgpreload_memcheck-amd64-linux.so)
==23994==    by 0x111DB5: std::__new_allocator<pollfd>::allocate(unsigned long, void const*) (new_allocator.h:151)
==23994==    by 0x11103A: allocate (alloc_traits.h:140)
==23994==    by 0x11103A: std::_Vector_base<pollfd, std::allocator<pollfd> >::_M_allocate(unsigned long) (stl_vector.h:381)
==23994==    by 0x110787: void std::vector<pollfd, std::allocator<pollfd> >::_M_range_initialize<std::_List_iterator<pollfd> >(std::_List_iterator<pollfd>, std::_List_iterator<pollfd>, std::forward_iterator_tag) (stl_vector.h:1692)
==23994==    by 0x10FE34: void std::vector<pollfd, std::allocator<pollfd> >::_M_initialize_dispatch<std::_List_iterator<pollfd> >(std::_List_iterator<pollfd>, std::_List_iterator<pollfd>, std::__false_type) (stl_vector.h:1658)
==23994==    by 0x10F37C: std::vector<pollfd, std::allocator<pollfd> >::vector<std::_List_iterator<pollfd> >(std::_List_iterator<pollfd>, std::_List_iterator<pollfd>, std::allocator<pollfd> const&) (stl_vector.h:722)
==23994==    by 0x10E453: Server::run() (Server.cpp:140)
==23994==    by 0x10D15E: main (main.cpp:24)
==23994== 
==23994== 529 bytes in 1 blocks are still reachable in loss record 13 of 30
==23994==    at 0x4846FA3: operator new(unsigned long) (in /usr/libexec/valgrind/vgpreload_memcheck-amd64-linux.so)
==23994==    by 0x49D870E: std::__cxx11::basic_string<char, std::char_traits<char>, std::allocator<char> >::_M_mutate(unsigned long, unsigned long, char const*, unsigned long) (in /usr/lib/x86_64-linux-gnu/libstdc++.so.6.0.33)
==23994==    by 0x49DA04F: std::__cxx11::basic_string<char, std::char_traits<char>, std::allocator<char> >::_M_append(char const*, unsigned long) (in /usr/lib/x86_64-linux-gnu/libstdc++.so.6.0.33)
==23994==    by 0x112E17: Client::queueMessage(std::__cxx11::basic_string<char, std::char_traits<char>, std::allocator<char> > const&) (Client.cpp:91)
==23994==    by 0x11E434: ACommand::numeric(Client&, int, std::__cxx11::basic_string<char, std::char_traits<char>, std::allocator<char> > const&) (ACommand.cpp:23)
==23994==    by 0x1289DD: PART::partOne(Client&, std::__cxx11::basic_string<char, std::char_traits<char>, std::allocator<char> > const&, std::__cxx11::basic_string<char, std::char_traits<char>, std::allocator<char> > const&) (PART.cpp:21)
==23994==    by 0x128DB3: PART::execute(Client&, IrcMessage const&) (PART.cpp:44)
==23994==    by 0x11843C: Dispatcher::dispatch(Client&, IrcMessage const&) (dispatch.cpp:88)
==23994==    by 0x10D8A3: Server::readBuffer(int) (Server.cpp:42)
==23994==    by 0x10E596: Server::run() (Server.cpp:150)
==23994==    by 0x10D15E: main (main.cpp:24)
==23994== 
==23994== 553 bytes in 1 blocks are still reachable in loss record 14 of 30
==23994==    at 0x4846FA3: operator new(unsigned long) (in /usr/libexec/valgrind/vgpreload_memcheck-amd64-linux.so)
==23994==    by 0x49D870E: std::__cxx11::basic_string<char, std::char_traits<char>, std::allocator<char> >::_M_mutate(unsigned long, unsigned long, char const*, unsigned long) (in /usr/lib/x86_64-linux-gnu/libstdc++.so.6.0.33)
==23994==    by 0x49DA04F: std::__cxx11::basic_string<char, std::char_traits<char>, std::allocator<char> >::_M_append(char const*, unsigned long) (in /usr/lib/x86_64-linux-gnu/libstdc++.so.6.0.33)
==23994==    by 0x112E33: Client::queueMessage(std::__cxx11::basic_string<char, std::char_traits<char>, std::allocator<char> > const&) (Client.cpp:92)
==23994==    by 0x114161: Channel::broadcast(std::__cxx11::basic_string<char, std::char_traits<char>, std::allocator<char> > const&, Client*) const (Channel.cpp:232)
==23994==    by 0x121034: JOIN::joinOne(Client&, std::__cxx11::basic_string<char, std::char_traits<char>, std::allocator<char> > const&, std::__cxx11::basic_string<char, std::char_traits<char>, std::allocator<char> > const&) (JOIN.cpp:76)
==23994==    by 0x1218C2: JOIN::execute(Client&, IrcMessage const&) (JOIN.cpp:121)
==23994==    by 0x11843C: Dispatcher::dispatch(Client&, IrcMessage const&) (dispatch.cpp:88)
==23994==    by 0x10D8A3: Server::readBuffer(int) (Server.cpp:42)
==23994==    by 0x10E596: Server::run() (Server.cpp:150)
==23994==    by 0x10D15E: main (main.cpp:24)
==23994== 
==23994== 561 bytes in 1 blocks are still reachable in loss record 15 of 30
==23994==    at 0x4846FA3: operator new(unsigned long) (in /usr/libexec/valgrind/vgpreload_memcheck-amd64-linux.so)
==23994==    by 0x49D870E: std::__cxx11::basic_string<char, std::char_traits<char>, std::allocator<char> >::_M_mutate(unsigned long, unsigned long, char const*, unsigned long) (in /usr/lib/x86_64-linux-gnu/libstdc++.so.6.0.33)
==23994==    by 0x49DA04F: std::__cxx11::basic_string<char, std::char_traits<char>, std::allocator<char> >::_M_append(char const*, unsigned long) (in /usr/lib/x86_64-linux-gnu/libstdc++.so.6.0.33)
==23994==    by 0x112E17: Client::queueMessage(std::__cxx11::basic_string<char, std::char_traits<char>, std::allocator<char> > const&) (Client.cpp:91)
==23994==    by 0x11E434: ACommand::numeric(Client&, int, std::__cxx11::basic_string<char, std::char_traits<char>, std::allocator<char> > const&) (ACommand.cpp:23)
==23994==    by 0x120F55: JOIN::joinOne(Client&, std::__cxx11::basic_string<char, std::char_traits<char>, std::allocator<char> > const&, std::__cxx11::basic_string<char, std::char_traits<char>, std::allocator<char> > const&) (JOIN.cpp:67)
==23994==    by 0x1218C2: JOIN::execute(Client&, IrcMessage const&) (JOIN.cpp:121)
==23994==    by 0x11843C: Dispatcher::dispatch(Client&, IrcMessage const&) (dispatch.cpp:88)
==23994==    by 0x10D8A3: Server::readBuffer(int) (Server.cpp:42)
==23994==    by 0x10E596: Server::run() (Server.cpp:150)
==23994==    by 0x10D15E: main (main.cpp:24)
==23994== 
==23994== 585 bytes in 1 blocks are still reachable in loss record 16 of 30
==23994==    at 0x4846FA3: operator new(unsigned long) (in /usr/libexec/valgrind/vgpreload_memcheck-amd64-linux.so)
==23994==    by 0x49D870E: std::__cxx11::basic_string<char, std::char_traits<char>, std::allocator<char> >::_M_mutate(unsigned long, unsigned long, char const*, unsigned long) (in /usr/lib/x86_64-linux-gnu/libstdc++.so.6.0.33)
==23994==    by 0x49DA04F: std::__cxx11::basic_string<char, std::char_traits<char>, std::allocator<char> >::_M_append(char const*, unsigned long) (in /usr/lib/x86_64-linux-gnu/libstdc++.so.6.0.33)
==23994==    by 0x112E17: Client::queueMessage(std::__cxx11::basic_string<char, std::char_traits<char>, std::allocator<char> > const&) (Client.cpp:91)
==23994==    by 0x11E434: ACommand::numeric(Client&, int, std::__cxx11::basic_string<char, std::char_traits<char>, std::allocator<char> > const&) (ACommand.cpp:23)
==23994==    by 0x123C79: PRIVMSG::sendOne(Client&, std::__cxx11::basic_string<char, std::char_traits<char>, std::allocator<char> > const&, std::__cxx11::basic_string<char, std::char_traits<char>, std::allocator<char> > const&) (PRIVMSG.cpp:32)
==23994==    by 0x12405A: PRIVMSG::execute(Client&, IrcMessage const&) (PRIVMSG.cpp:50)
==23994==    by 0x11843C: Dispatcher::dispatch(Client&, IrcMessage const&) (dispatch.cpp:88)
==23994==    by 0x10D8A3: Server::readBuffer(int) (Server.cpp:42)
==23994==    by 0x10E596: Server::run() (Server.cpp:150)
==23994==    by 0x10D15E: main (main.cpp:24)
==23994== 
==23994== 585 bytes in 1 blocks are still reachable in loss record 17 of 30
==23994==    at 0x4846FA3: operator new(unsigned long) (in /usr/libexec/valgrind/vgpreload_memcheck-amd64-linux.so)
==23994==    by 0x49D870E: std::__cxx11::basic_string<char, std::char_traits<char>, std::allocator<char> >::_M_mutate(unsigned long, unsigned long, char const*, unsigned long) (in /usr/lib/x86_64-linux-gnu/libstdc++.so.6.0.33)
==23994==    by 0x49DA04F: std::__cxx11::basic_string<char, std::char_traits<char>, std::allocator<char> >::_M_append(char const*, unsigned long) (in /usr/lib/x86_64-linux-gnu/libstdc++.so.6.0.33)
==23994==    by 0x112E17: Client::queueMessage(std::__cxx11::basic_string<char, std::char_traits<char>, std::allocator<char> > const&) (Client.cpp:91)
==23994==    by 0x11E434: ACommand::numeric(Client&, int, std::__cxx11::basic_string<char, std::char_traits<char>, std::allocator<char> > const&) (ACommand.cpp:23)
==23994==    by 0x120E00: JOIN::joinOne(Client&, std::__cxx11::basic_string<char, std::char_traits<char>, std::allocator<char> > const&, std::__cxx11::basic_string<char, std::char_traits<char>, std::allocator<char> > const&) (JOIN.cpp:57)
==23994==    by 0x1218C2: JOIN::execute(Client&, IrcMessage const&) (JOIN.cpp:121)
==23994==    by 0x11843C: Dispatcher::dispatch(Client&, IrcMessage const&) (dispatch.cpp:88)
==23994==    by 0x10D8A3: Server::readBuffer(int) (Server.cpp:42)
==23994==    by 0x10E596: Server::run() (Server.cpp:150)
==23994==    by 0x10D15E: main (main.cpp:24)
==23994== 
==23994== 593 bytes in 1 blocks are still reachable in loss record 18 of 30
==23994==    at 0x4846FA3: operator new(unsigned long) (in /usr/libexec/valgrind/vgpreload_memcheck-amd64-linux.so)
==23994==    by 0x49D870E: std::__cxx11::basic_string<char, std::char_traits<char>, std::allocator<char> >::_M_mutate(unsigned long, unsigned long, char const*, unsigned long) (in /usr/lib/x86_64-linux-gnu/libstdc++.so.6.0.33)
==23994==    by 0x49DA04F: std::__cxx11::basic_string<char, std::char_traits<char>, std::allocator<char> >::_M_append(char const*, unsigned long) (in /usr/lib/x86_64-linux-gnu/libstdc++.so.6.0.33)
==23994==    by 0x112E17: Client::queueMessage(std::__cxx11::basic_string<char, std::char_traits<char>, std::allocator<char> > const&) (Client.cpp:91)
==23994==    by 0x11E434: ACommand::numeric(Client&, int, std::__cxx11::basic_string<char, std::char_traits<char>, std::allocator<char> > const&) (ACommand.cpp:23)
==23994==    by 0x12114E: JOIN::joinOne(Client&, std::__cxx11::basic_string<char, std::char_traits<char>, std::allocator<char> > const&, std::__cxx11::basic_string<char, std::char_traits<char>, std::allocator<char> > const&) (JOIN.cpp:81)
==23994==    by 0x1218C2: JOIN::execute(Client&, IrcMessage const&) (JOIN.cpp:121)
==23994==    by 0x11843C: Dispatcher::dispatch(Client&, IrcMessage const&) (dispatch.cpp:88)
==23994==    by 0x10D8A3: Server::readBuffer(int) (Server.cpp:42)
==23994==    by 0x10E596: Server::run() (Server.cpp:150)
==23994==    by 0x10D15E: main (main.cpp:24)
==23994== 
==23994== 601 bytes in 1 blocks are still reachable in loss record 19 of 30
==23994==    at 0x4846FA3: operator new(unsigned long) (in /usr/libexec/valgrind/vgpreload_memcheck-amd64-linux.so)
==23994==    by 0x49D870E: std::__cxx11::basic_string<char, std::char_traits<char>, std::allocator<char> >::_M_mutate(unsigned long, unsigned long, char const*, unsigned long) (in /usr/lib/x86_64-linux-gnu/libstdc++.so.6.0.33)
==23994==    by 0x49DA04F: std::__cxx11::basic_string<char, std::char_traits<char>, std::allocator<char> >::_M_append(char const*, unsigned long) (in /usr/lib/x86_64-linux-gnu/libstdc++.so.6.0.33)
==23994==    by 0x112E17: Client::queueMessage(std::__cxx11::basic_string<char, std::char_traits<char>, std::allocator<char> > const&) (Client.cpp:91)
==23994==    by 0x11E434: ACommand::numeric(Client&, int, std::__cxx11::basic_string<char, std::char_traits<char>, std::allocator<char> > const&) (ACommand.cpp:23)
==23994==    by 0x120EA7: JOIN::joinOne(Client&, std::__cxx11::basic_string<char, std::char_traits<char>, std::allocator<char> > const&, std::__cxx11::basic_string<char, std::char_traits<char>, std::allocator<char> > const&) (JOIN.cpp:62)
==23994==    by 0x1218C2: JOIN::execute(Client&, IrcMessage const&) (JOIN.cpp:121)
==23994==    by 0x11843C: Dispatcher::dispatch(Client&, IrcMessage const&) (dispatch.cpp:88)
==23994==    by 0x10D8A3: Server::readBuffer(int) (Server.cpp:42)
==23994==    by 0x10E596: Server::run() (Server.cpp:150)
==23994==    by 0x10D15E: main (main.cpp:24)
==23994== 
==23994== 874 bytes in 4 blocks are still reachable in loss record 20 of 30
==23994==    at 0x4846FA3: operator new(unsigned long) (in /usr/libexec/valgrind/vgpreload_memcheck-amd64-linux.so)
==23994==    by 0x49D870E: std::__cxx11::basic_string<char, std::char_traits<char>, std::allocator<char> >::_M_mutate(unsigned long, unsigned long, char const*, unsigned long) (in /usr/lib/x86_64-linux-gnu/libstdc++.so.6.0.33)
==23994==    by 0x49DA04F: std::__cxx11::basic_string<char, std::char_traits<char>, std::allocator<char> >::_M_append(char const*, unsigned long) (in /usr/lib/x86_64-linux-gnu/libstdc++.so.6.0.33)
==23994==    by 0x112E33: Client::queueMessage(std::__cxx11::basic_string<char, std::char_traits<char>, std::allocator<char> > const&) (Client.cpp:92)
==23994==    by 0x1185C0: Dispatcher::dispatch(Client&, IrcMessage const&) (dispatch.cpp:94)
==23994==    by 0x10D8A3: Server::readBuffer(int) (Server.cpp:42)
==23994==    by 0x10E596: Server::run() (Server.cpp:150)
==23994==    by 0x10D15E: main (main.cpp:24)
==23994== 
==23994== 984 bytes in 41 blocks are still reachable in loss record 21 of 30
==23994==    at 0x4846FA3: operator new(unsigned long) (in /usr/libexec/valgrind/vgpreload_memcheck-amd64-linux.so)
==23994==    by 0x111C4E: std::__new_allocator<std::_List_node<pollfd> >::allocate(unsigned long, void const*) (new_allocator.h:151)
==23994==    by 0x110C67: allocate (alloc_traits.h:140)
==23994==    by 0x110C67: std::__cxx11::_List_base<pollfd, std::allocator<pollfd> >::_M_get_node() (stl_list.h:518)
==23994==    by 0x11027C: std::__cxx11::list<pollfd, std::allocator<pollfd> >::_M_create_node(pollfd const&) (stl_list.h:692)
==23994==    by 0x10FA74: std::__cxx11::list<pollfd, std::allocator<pollfd> >::_M_insert(std::_List_iterator<pollfd>, pollfd const&) (stl_list.h:1996)
==23994==    by 0x10F0DD: std::__cxx11::list<pollfd, std::allocator<pollfd> >::push_back(pollfd const&) (stl_list.h:1306)
==23994==    by 0x10DCC6: Server::addNewClient() (Server.cpp:81)
==23994==    by 0x10E51A: Server::run() (Server.cpp:146)
==23994==    by 0x10D15E: main (main.cpp:24)
==23994== 
==23994== 1,146 bytes in 2 blocks are still reachable in loss record 22 of 30
==23994==    at 0x4846FA3: operator new(unsigned long) (in /usr/libexec/valgrind/vgpreload_memcheck-amd64-linux.so)
==23994==    by 0x49D870E: std::__cxx11::basic_string<char, std::char_traits<char>, std::allocator<char> >::_M_mutate(unsigned long, unsigned long, char const*, unsigned long) (in /usr/lib/x86_64-linux-gnu/libstdc++.so.6.0.33)
==23994==    by 0x49DA04F: std::__cxx11::basic_string<char, std::char_traits<char>, std::allocator<char> >::_M_append(char const*, unsigned long) (in /usr/lib/x86_64-linux-gnu/libstdc++.so.6.0.33)
==23994==    by 0x112E17: Client::queueMessage(std::__cxx11::basic_string<char, std::char_traits<char>, std::allocator<char> > const&) (Client.cpp:91)
==23994==    by 0x11899A: Dispatcher::dispatch(Client&, IrcMessage const&) (dispatch.cpp:104)
==23994==    by 0x10D8A3: Server::readBuffer(int) (Server.cpp:42)
==23994==    by 0x10E596: Server::run() (Server.cpp:150)
==23994==    by 0x10D15E: main (main.cpp:24)
==23994== 
==23994== 1,638 bytes in 1 blocks are still reachable in loss record 23 of 30
==23994==    at 0x4846828: malloc (in /usr/libexec/valgrind/vgpreload_memcheck-amd64-linux.so)
==23994==    by 0x4BFD822: __tzfile_read (tzfile.c:280)
==23994==    by 0x4BFC89B: tzset_internal (tzset.c:405)
==23994==    by 0x4BFD28A: __tz_convert (tzset.c:577)
==23994==    by 0x11BAE6: serverCreationDate() (CommandUtils.cpp:17)
==23994==    by 0x11C5FD: sendWelcome(Client&) (CommandUtils.cpp:118)
==23994==    by 0x11C255: finishRegistrationAttempt(Client&) (CommandUtils.cpp:109)
==23994==    by 0x120628: USER::execute(Client&, IrcMessage const&) (USER.cpp:20)
==23994==    by 0x11843C: Dispatcher::dispatch(Client&, IrcMessage const&) (dispatch.cpp:88)
==23994==    by 0x10D8A3: Server::readBuffer(int) (Server.cpp:42)
==23994==    by 0x10E596: Server::run() (Server.cpp:150)
==23994==    by 0x10D15E: main (main.cpp:24)
==23994== 
==23994== 2,464 bytes in 8 blocks are still reachable in loss record 24 of 30
==23994==    at 0x4846FA3: operator new(unsigned long) (in /usr/libexec/valgrind/vgpreload_memcheck-amd64-linux.so)
==23994==    by 0x49D870E: std::__cxx11::basic_string<char, std::char_traits<char>, std::allocator<char> >::_M_mutate(unsigned long, unsigned long, char const*, unsigned long) (in /usr/lib/x86_64-linux-gnu/libstdc++.so.6.0.33)
==23994==    by 0x49DA04F: std::__cxx11::basic_string<char, std::char_traits<char>, std::allocator<char> >::_M_append(char const*, unsigned long) (in /usr/lib/x86_64-linux-gnu/libstdc++.so.6.0.33)
==23994==    by 0x112E17: Client::queueMessage(std::__cxx11::basic_string<char, std::char_traits<char>, std::allocator<char> > const&) (Client.cpp:91)
==23994==    by 0x11C6D3: sendWelcome(Client&) (CommandUtils.cpp:118)
==23994==    by 0x11C255: finishRegistrationAttempt(Client&) (CommandUtils.cpp:109)
==23994==    by 0x120628: USER::execute(Client&, IrcMessage const&) (USER.cpp:20)
==23994==    by 0x11843C: Dispatcher::dispatch(Client&, IrcMessage const&) (dispatch.cpp:88)
==23994==    by 0x10D8A3: Server::readBuffer(int) (Server.cpp:42)
==23994==    by 0x10E596: Server::run() (Server.cpp:150)
==23994==    by 0x10D15E: main (main.cpp:24)
==23994== 
==23994== 3,472 bytes in 14 blocks are still reachable in loss record 25 of 30
==23994==    at 0x4846FA3: operator new(unsigned long) (in /usr/libexec/valgrind/vgpreload_memcheck-amd64-linux.so)
==23994==    by 0x1238A1: std::__new_allocator<std::_Rb_tree_node<std::pair<std::__cxx11::basic_string<char, std::char_traits<char>, std::allocator<char> > const, Channel> > >::allocate(unsigned long, void const*) (new_allocator.h:151)
==23994==    by 0x1234B9: allocate (alloc_traits.h:140)
==23994==    by 0x1234B9: std::_Rb_tree<std::__cxx11::basic_string<char, std::char_traits<char>, std::allocator<char> >, std::pair<std::__cxx11::basic_string<char, std::char_traits<char>, std::allocator<char> > const, Channel>, std::_Select1st<std::pair<std::__cxx11::basic_string<char, std::char_traits<char>, std::allocator<char> > const, Channel> >, std::less<std::__cxx11::basic_string<char, std::char_traits<char>, std::allocator<char> > >, std::allocator<std::pair<std::__cxx11::basic_string<char, std::char_traits<char>, std::allocator<char> > const, Channel> > >::_M_get_node() (stl_tree.h:563)
==23994==    by 0x122EB5: std::_Rb_tree<std::__cxx11::basic_string<char, std::char_traits<char>, std::allocator<char> >, std::pair<std::__cxx11::basic_string<char, std::char_traits<char>, std::allocator<char> > const, Channel>, std::_Select1st<std::pair<std::__cxx11::basic_string<char, std::char_traits<char>, std::allocator<char> > const, Channel> >, std::less<std::__cxx11::basic_string<char, std::char_traits<char>, std::allocator<char> > >, std::allocator<std::pair<std::__cxx11::basic_string<char, std::char_traits<char>, std::allocator<char> > const, Channel> > >::_M_create_node(std::pair<std::__cxx11::basic_string<char, std::char_traits<char>, std::allocator<char> > const, Channel> const&) (stl_tree.h:585)
==23994==    by 0x122C47: std::_Rb_tree_node<std::pair<std::__cxx11::basic_string<char, std::char_traits<char>, std::allocator<char> > const, Channel> >* std::_Rb_tree<std::__cxx11::basic_string<char, std::char_traits<char>, std::allocator<char> >, std::pair<std::__cxx11::basic_string<char, std::char_traits<char>, std::allocator<char> > const, Channel>, std::_Select1st<std::pair<std::__cxx11::basic_string<char, std::char_traits<char>, std::allocator<char> > const, Channel> >, std::less<std::__cxx11::basic_string<char, std::char_traits<char>, std::allocator<char> > >, std::allocator<std::pair<std::__cxx11::basic_string<char, std::char_traits<char>, std::allocator<char> > const, Channel> > >::_Alloc_node::operator()<std::pair<std::__cxx11::basic_string<char, std::char_traits<char>, std::allocator<char> > const, Channel> >(std::pair<std::__cxx11::basic_string<char, std::char_traits<char>, std::allocator<char> > const, Channel> const&) const (stl_tree.h:531)
==23994==    by 0x1228B0: std::_Rb_tree_iterator<std::pair<std::__cxx11::basic_string<char, std::char_traits<char>, std::allocator<char> > const, Channel> > std::_Rb_tree<std::__cxx11::basic_string<char, std::char_traits<char>, std::allocator<char> >, std::pair<std::__cxx11::basic_string<char, std::char_traits<char>, std::allocator<char> > const, Channel>, std::_Select1st<std::pair<std::__cxx11::basic_string<char, std::char_traits<char>, std::allocator<char> > const, Channel> >, std::less<std::__cxx11::basic_string<char, std::char_traits<char>, std::allocator<char> > >, std::allocator<std::pair<std::__cxx11::basic_string<char, std::char_traits<char>, std::allocator<char> > const, Channel> > >::_M_insert_<std::_Rb_tree<std::__cxx11::basic_string<char, std::char_traits<char>, std::allocator<char> >, std::pair<std::__cxx11::basic_string<char, std::char_traits<char>, std::allocator<char> > const, Channel>, std::_Select1st<std::pair<std::__cxx11::basic_string<char, std::char_traits<char>, std::allocator<char> > const, Channel> >, std::less<std::__cxx11::basic_string<char, std::char_traits<char>, std::allocator<char> > >, std::allocator<std::pair<std::__cxx11::basic_string<char, std::char_traits<char>, std::allocator<char> > const, Channel> > >::_Alloc_node>(std::_Rb_tree_node_base*, std::_Rb_tree_node_base*, std::pair<std::__cxx11::basic_string<char, std::char_traits<char>, std::allocator<char> > const, Channel> const&, std::_Rb_tree<std::__cxx11::basic_string<char, std::char_traits<char>, std::allocator<char> >, std::pair<std::__cxx11::basic_string<char, std::char_traits<char>, std::allocator<char> > const, Channel>, std::_Select1st<std::pair<std::__cxx11::basic_string<char, std::char_traits<char>, std::allocator<char> > const, Channel> >, std::less<std::__cxx11::basic_string<char, std::char_traits<char>, std::allocator<char> > >, std::allocator<std::pair<std::__cxx11::basic_string<char, std::char_traits<char>, std::allocator<char> > const, Channel> > >::_Alloc_node&) (stl_tree.h:1831)
==23994==    by 0x12227C: std::_Rb_tree<std::__cxx11::basic_string<char, std::char_traits<char>, std::allocator<char> >, std::pair<std::__cxx11::basic_string<char, std::char_traits<char>, std::allocator<char> > const, Channel>, std::_Select1st<std::pair<std::__cxx11::basic_string<char, std::char_traits<char>, std::allocator<char> > const, Channel> >, std::less<std::__cxx11::basic_string<char, std::char_traits<char>, std::allocator<char> > >, std::allocator<std::pair<std::__cxx11::basic_string<char, std::char_traits<char>, std::allocator<char> > const, Channel> > >::_M_insert_unique(std::pair<std::__cxx11::basic_string<char, std::char_traits<char>, std::allocator<char> > const, Channel> const&) (stl_tree.h:2176)
==23994==    by 0x121C86: std::map<std::__cxx11::basic_string<char, std::char_traits<char>, std::allocator<char> >, Channel, std::less<std::__cxx11::basic_string<char, std::char_traits<char>, std::allocator<char> > >, std::allocator<std::pair<std::__cxx11::basic_string<char, std::char_traits<char>, std::allocator<char> > const, Channel> > >::insert(std::pair<std::__cxx11::basic_string<char, std::char_traits<char>, std::allocator<char> > const, Channel> const&) (stl_map.h:836)
==23994==    by 0x120CF8: JOIN::joinOne(Client&, std::__cxx11::basic_string<char, std::char_traits<char>, std::allocator<char> > const&, std::__cxx11::basic_string<char, std::char_traits<char>, std::allocator<char> > const&) (JOIN.cpp:49)
==23994==    by 0x1218C2: JOIN::execute(Client&, IrcMessage const&) (JOIN.cpp:121)
==23994==    by 0x11843C: Dispatcher::dispatch(Client&, IrcMessage const&) (dispatch.cpp:88)
==23994==    by 0x10D8A3: Server::readBuffer(int) (Server.cpp:42)
==23994== 
==23994== 3,646 bytes in 6 blocks are still reachable in loss record 26 of 30
==23994==    at 0x4846FA3: operator new(unsigned long) (in /usr/libexec/valgrind/vgpreload_memcheck-amd64-linux.so)
==23994==    by 0x49D870E: std::__cxx11::basic_string<char, std::char_traits<char>, std::allocator<char> >::_M_mutate(unsigned long, unsigned long, char const*, unsigned long) (in /usr/lib/x86_64-linux-gnu/libstdc++.so.6.0.33)
==23994==    by 0x49DA04F: std::__cxx11::basic_string<char, std::char_traits<char>, std::allocator<char> >::_M_append(char const*, unsigned long) (in /usr/lib/x86_64-linux-gnu/libstdc++.so.6.0.33)
==23994==    by 0x112E17: Client::queueMessage(std::__cxx11::basic_string<char, std::char_traits<char>, std::allocator<char> > const&) (Client.cpp:91)
==23994==    by 0x11E434: ACommand::numeric(Client&, int, std::__cxx11::basic_string<char, std::char_traits<char>, std::allocator<char> > const&) (ACommand.cpp:23)
==23994==    by 0x1210C4: JOIN::joinOne(Client&, std::__cxx11::basic_string<char, std::char_traits<char>, std::allocator<char> > const&, std::__cxx11::basic_string<char, std::char_traits<char>, std::allocator<char> > const&) (JOIN.cpp:79)
==23994==    by 0x1218C2: JOIN::execute(Client&, IrcMessage const&) (JOIN.cpp:121)
==23994==    by 0x11843C: Dispatcher::dispatch(Client&, IrcMessage const&) (dispatch.cpp:88)
==23994==    by 0x10D8A3: Server::readBuffer(int) (Server.cpp:42)
==23994==    by 0x10E596: Server::run() (Server.cpp:150)
==23994==    by 0x10D15E: main (main.cpp:24)
==23994== 
==23994== 4,096 bytes in 1 blocks are still reachable in loss record 27 of 30
==23994==    at 0x4846828: malloc (in /usr/libexec/valgrind/vgpreload_memcheck-amd64-linux.so)
==23994==    by 0x4BA1294: _IO_file_doallocate (filedoalloc.c:101)
==23994==    by 0x4BB1603: _IO_doallocbuf (genops.c:347)
==23994==    by 0x4BAF06F: _IO_file_overflow@@GLIBC_2.2.5 (fileops.c:745)
==23994==    by 0x4BAFB8E: _IO_new_file_xsputn (fileops.c:1244)
==23994==    by 0x4BAFB8E: _IO_file_xsputn@@GLIBC_2.2.5 (fileops.c:1197)
==23994==    by 0x4BA2AF1: fwrite (iofwrite.c:39)
==23994==    by 0x49C6DC3: std::basic_ostream<char, std::char_traits<char> >& std::__ostream_insert<char, std::char_traits<char> >(std::basic_ostream<char, std::char_traits<char> >&, char const*, long) (in /usr/lib/x86_64-linux-gnu/libstdc++.so.6.0.33)
==23994==    by 0x49C713B: std::basic_ostream<char, std::char_traits<char> >& std::operator<< <std::char_traits<char> >(std::basic_ostream<char, std::char_traits<char> >&, char const*) (in /usr/lib/x86_64-linux-gnu/libstdc++.so.6.0.33)
==23994==    by 0x112F44: operator<<(std::ostream&, Client const&) (Client.cpp:118)
==23994==    by 0x10DD5C: Server::addNewClient() (Server.cpp:83)
==23994==    by 0x10E51A: Server::run() (Server.cpp:146)
==23994==    by 0x10D15E: main (main.cpp:24)
==23994== 
==23994== 6,772 bytes in 12 blocks are still reachable in loss record 28 of 30
==23994==    at 0x4846FA3: operator new(unsigned long) (in /usr/libexec/valgrind/vgpreload_memcheck-amd64-linux.so)
==23994==    by 0x49D870E: std::__cxx11::basic_string<char, std::char_traits<char>, std::allocator<char> >::_M_mutate(unsigned long, unsigned long, char const*, unsigned long) (in /usr/lib/x86_64-linux-gnu/libstdc++.so.6.0.33)
==23994==    by 0x49DA04F: std::__cxx11::basic_string<char, std::char_traits<char>, std::allocator<char> >::_M_append(char const*, unsigned long) (in /usr/lib/x86_64-linux-gnu/libstdc++.so.6.0.33)
==23994==    by 0x112E17: Client::queueMessage(std::__cxx11::basic_string<char, std::char_traits<char>, std::allocator<char> > const&) (Client.cpp:91)
==23994==    by 0x114161: Channel::broadcast(std::__cxx11::basic_string<char, std::char_traits<char>, std::allocator<char> > const&, Client*) const (Channel.cpp:232)
==23994==    by 0x121034: JOIN::joinOne(Client&, std::__cxx11::basic_string<char, std::char_traits<char>, std::allocator<char> > const&, std::__cxx11::basic_string<char, std::char_traits<char>, std::allocator<char> > const&) (JOIN.cpp:76)
==23994==    by 0x1218C2: JOIN::execute(Client&, IrcMessage const&) (JOIN.cpp:121)
==23994==    by 0x11843C: Dispatcher::dispatch(Client&, IrcMessage const&) (dispatch.cpp:88)
==23994==    by 0x10D8A3: Server::readBuffer(int) (Server.cpp:42)
==23994==    by 0x10E596: Server::run() (Server.cpp:150)
==23994==    by 0x10D15E: main (main.cpp:24)
==23994== 
==23994== 10,560 bytes in 40 blocks are still reachable in loss record 29 of 30
==23994==    at 0x4846FA3: operator new(unsigned long) (in /usr/libexec/valgrind/vgpreload_memcheck-amd64-linux.so)
==23994==    by 0x11220D: std::__new_allocator<std::_Rb_tree_node<std::pair<int const, Client> > >::allocate(unsigned long, void const*) (new_allocator.h:151)
==23994==    by 0x111F29: allocate (alloc_traits.h:140)
==23994==    by 0x111F29: std::_Rb_tree<int, std::pair<int const, Client>, std::_Select1st<std::pair<int const, Client> >, std::less<int>, std::allocator<std::pair<int const, Client> > >::_M_get_node() (stl_tree.h:563)
==23994==    by 0x111E09: std::_Rb_tree<int, std::pair<int const, Client>, std::_Select1st<std::pair<int const, Client> >, std::less<int>, std::allocator<std::pair<int const, Client> > >::_M_create_node(std::pair<int const, Client> const&) (stl_tree.h:585)
==23994==    by 0x111BDB: std::_Rb_tree_node<std::pair<int const, Client> >* std::_Rb_tree<int, std::pair<int const, Client>, std::_Select1st<std::pair<int const, Client> >, std::less<int>, std::allocator<std::pair<int const, Client> > >::_Alloc_node::operator()<std::pair<int const, Client> >(std::pair<int const, Client> const&) const (stl_tree.h:531)
==23994==    by 0x11162E: std::_Rb_tree_iterator<std::pair<int const, Client> > std::_Rb_tree<int, std::pair<int const, Client>, std::_Select1st<std::pair<int const, Client> >, std::less<int>, std::allocator<std::pair<int const, Client> > >::_M_insert_<std::_Rb_tree<int, std::pair<int const, Client>, std::_Select1st<std::pair<int const, Client> >, std::less<int>, std::allocator<std::pair<int const, Client> > >::_Alloc_node>(std::_Rb_tree_node_base*, std::_Rb_tree_node_base*, std::pair<int const, Client> const&, std::_Rb_tree<int, std::pair<int const, Client>, std::_Select1st<std::pair<int const, Client> >, std::less<int>, std::allocator<std::pair<int const, Client> > >::_Alloc_node&) (stl_tree.h:1831)
==23994==    by 0x110BB3: std::_Rb_tree_iterator<std::pair<int const, Client> > std::_Rb_tree<int, std::pair<int const, Client>, std::_Select1st<std::pair<int const, Client> >, std::less<int>, std::allocator<std::pair<int const, Client> > >::_M_insert_unique_<std::_Rb_tree<int, std::pair<int const, Client>, std::_Select1st<std::pair<int const, Client> >, std::less<int>, std::allocator<std::pair<int const, Client> > >::_Alloc_node>(std::_Rb_tree_const_iterator<std::pair<int const, Client> >, std::pair<int const, Client> const&, std::_Rb_tree<int, std::pair<int const, Client>, std::_Select1st<std::pair<int const, Client> >, std::less<int>, std::allocator<std::pair<int const, Client> > >::_Alloc_node&) (stl_tree.h:2284)
==23994==    by 0x1101BB: std::_Rb_tree<int, std::pair<int const, Client>, std::_Select1st<std::pair<int const, Client> >, std::less<int>, std::allocator<std::pair<int const, Client> > >::_M_insert_unique_(std::_Rb_tree_const_iterator<std::pair<int const, Client> >, std::pair<int const, Client> const&) (stl_tree.h:1147)
==23994==    by 0x10F97F: std::map<int, Client, std::less<int>, std::allocator<std::pair<int const, Client> > >::insert(std::_Rb_tree_iterator<std::pair<int const, Client> >, std::pair<int const, Client> const&) (stl_map.h:914)
==23994==    by 0x10EF88: std::map<int, Client, std::less<int>, std::allocator<std::pair<int const, Client> > >::operator[](int const&) (stl_map.h:517)
==23994==    by 0x10DD09: Server::addNewClient() (Server.cpp:82)
==23994==    by 0x10E51A: Server::run() (Server.cpp:146)
==23994== 
==23994== 73,728 bytes in 1 blocks are still reachable in loss record 30 of 30
==23994==    at 0x4846828: malloc (in /usr/libexec/valgrind/vgpreload_memcheck-amd64-linux.so)
==23994==    by 0x492738E: ??? (in /usr/lib/x86_64-linux-gnu/libstdc++.so.6.0.33)
==23994==    by 0x400571E: call_init.part.0 (dl-init.c:74)
==23994==    by 0x4005823: call_init (dl-init.c:120)
==23994==    by 0x4005823: _dl_init (dl-init.c:121)
==23994==    by 0x401F59F: ??? (in /usr/lib/x86_64-linux-gnu/ld-linux-x86-64.so.2)
==23994==    by 0x2: ???
==23994==    by 0x1FFEFFF8AE: ???
==23994==    by 0x1FFEFFF8B8: ???
==23994==    by 0x1FFEFFF8BD: ???
==23994== 
==23994== LEAK SUMMARY:
==23994==    definitely lost: 0 bytes in 0 blocks
==23994==    indirectly lost: 0 bytes in 0 blocks
==23994==      possibly lost: 0 bytes in 0 blocks
==23994==    still reachable: 114,482 bytes in 176 blocks
==23994==         suppressed: 0 bytes in 0 blocks
==23994== 
==23994== For lists of detected and suppressed errors, rerun with: -s
==23994== ERROR SUMMARY: 0 errors from 0 contexts (suppressed: 0 from 0)
